// Jest Snapshot v1, https://goo.gl/fbAQLP

exports[`renders correctly 1`] = `
<div
  className="p-8 bg-white rounded shadow-2xl"
>
  <div>
    <span>
      Hello World
    </span>
  </div>
</div>
`;
